Added Component: Designator=L4(IND: SMD 0603 MD IPC 782)
Add component (AddParameter): Name = "Code"; Value = "6310011671"; VariantName = "[No Variations]"
Add component (AddParameter): Name = "Name"; Value = "Дроссель BLM18HE601SN1D, Murata"; VariantName = "[No Variations]"
Added Component: Designator=L5(IND: SMD 0603 MD IPC 782)
Add component (AddParameter): Name = "Code"; Value = "6310011671"; VariantName = "[No Variations]"
Add component (AddParameter): Name = "Name"; Value = "Дроссель BLM18HE601SN1D, Murata"; VariantName = "[No Variations]"
Add Pin To Net: Unknown Pin: Pin DD3-18
Add Pin To Net: Unknown Pin: Pin DD3-19
Add Pin To Net: Unknown Pin: Pin DD3-21
Add Pin To Net: Unknown Pin: Pin DD3-22
Add Pin To Net: Unknown Pin: Pin DD3-24
Add Pin To Net: Unknown Pin: Pin DD3-25
Add Pin To Net: Unknown Pin: Pin DD3-26
Add Pin To Net: Unknown Pin: Pin DD3-27
Add Pin To Net: Unknown Pin: Pin DD3-31
Add Pin To Net: Unknown Pin: Pin DD3-32
Add Pin To Net: Unknown Pin: Pin DD3-34
Add Pin To Net: Unknown Pin: Pin DD3-35
Add Pin To Net: Unknown Pin: Pin DD3-37
Add Pin To Net: Unknown Pin: Pin DD3-38
Add Pin To Net: Unknown Pin: Pin DD3-39
Add Pin To Net: Unknown Pin: Pin DD3-40
Add Pin To Net: Unknown Pin: Pin DD3-44
Add Pin To Net: Unknown Pin: Pin DD3-45
Add Pin To Net: Unknown Pin: Pin DD3-46
Add Pin To Net: Unknown Pin: Pin DD3-47
Add Pin To Net: Unknown Pin: Pin DD3-48
Add Pin To Net: Unknown Pin: Pin DD3-49
Add Pin To Net: Unknown Pin: Pin DD3-51
Add Pin To Net: Unknown Pin: Pin DD3-52
Add Pin To Net: Unknown Pin: Pin DD3-60
Add Pin To Net: Unknown Pin: Pin DD3-63
Add Pin To Net: Unknown Pin: Pin DD3-64
Added Pin To Net: NetName=+3.3ADC Pin=L4-1
Added Pin To Net: NetName=+3ADC Pin=L4-2
Added Pin To Net: NetName=+3.3M Pin=L5-1
Added Pin To Net: NetName=+3.3MCU Pin=L5-2
Added Member To Class: ClassName=INTERFACES Member=Component L4 BLM18HE601SN1D
Added Member To Class: ClassName=INTERFACES Member=Component L5 BLM18HE601SN1D
